[docs/index.html]
[backblue.gif]
[fade.gif]
[index.html]
[mdui/docs-1/assets/index-b3427ed7.js]
[mdui/docs-1/assets/MyReward.vue_vue_type_script_setup_true_lang-df11eaf3.js]
[mdui/docs-1/assets/MyReward-0ad2484e.css]
[library/mdui/1.0.2/css/mdui.min.css]
[library/mdui/1.0.2/js/mdui.min.js]
[library/holderjs/2.9.9/holder.min.js]
[pagead/js/fe7db.txt]
[mdui/docs-1/assets/index-15cb1481.js]
[mdui/docs-1/assets/index-abafda3c.css]
[docs/introduction.html]
[docs/download.html]
[docs/compatibility.html]
[docs/jq.html]
[docs/global.html]
[docs/migration.html]
[docs/color.html]
[docs/font.html]
[docs/grid.html]
[docs/typo.html]
[docs/icon.html]
[docs/media.html]
[docs/helper.html]
[docs/shadow.html]
[docs/ripple.html]
[docs/button.html]
[docs/fab.html]
[docs/select.html]
[docs/divider.html]
[docs/panel.html]
[docs/textfield.html]
[docs/selection_control.html]
[docs/slider.html]
[docs/list.html]
[docs/list_control.html]
[docs/grid_list.html]
[docs/tab.html]
[docs/toolbar.html]
[docs/appbar.html]
[docs/drawer.html]
[docs/bottom_nav.html]
[docs/card.html]
[docs/chip.html]
[docs/tooltip.html]
[docs/snackbar.html]
[docs/table.html]
[docs/dialog.html]
[docs/menu.html]
[docs/progress.html]
[docs/collapse.html]
[docs/headroom.html]
[docs/material_icon.html]
[docs/index.html]
[mdui/docs-1/assets/MyReward-0ad2484e.css]
[library/mdui/1.0.2/css/mdui.min.css]
[gtm5445.html]
[mdui/docs-1/assets/index-abafda3c.css]
[mdui/docs-1/assets/introduction-96c67bab.js]
[docs/introduction.html]
[mdui/docs-1/assets/download-fc67f468.js]
[docs/download.html]
[mdui/docs-1/assets/compatibility-f8a3b44b.js]
[docs/compatibility.html]
[mdui/docs-1/assets/jq-bafa71fa.js]
[docs/jq.html]
[mdui/docs-1/assets/global-4734573b.js]
[docs/global.html]
[mdui/docs-1/assets/migration-468ac594.js]
[docs/migration.html]
[mdui/docs-1/assets/color-45937883.js]
[mdui/docs-1/assets/Demo-5062ffc5.js]
[mdui/docs-1/assets/Demo-e5dd9f9f.css]
[docs/color/demo1.html]
[docs/color/demo2.html]
[docs/color.html]
[mdui/docs-1/assets/font-f365926a.js]
[docs/font.html]
[mdui/docs-1/assets/grid-93814264.js]
[docs/grid/demo1.html]
[docs/grid/demo2.html]
[docs/grid/demo3.html]
[docs/grid/demo4.html]
[docs/grid/demo5.html]
[docs/grid/demo6.html]
[docs/grid.html]
[mdui/docs-1/assets/typo-14b36b6e.js]
[docs/typo/demo1.html]
[docs/typo/demo2.html]
[docs/typo/demo3.html]
[docs/typo/demo4.html]
[docs/typo/demo5.html]
[docs/typo/demo6.html]
[docs/typo/demo7.html]
[docs/typo/demo8.html]
[docs/typo/demo9.html]
[docs/typo/demo10.html]
[docs/typo.html]
[mdui/docs-1/assets/icon-274c1c25.js]
[library/ionicons/2.0.1/css/ionicons.min.css]
[docs/icon/demo1.html]
[docs/icon/demo2.html]
[docs/icon/demo3.html]
[docs/icon.html]
[mdui/docs-1/assets/media-b75cdca3.js]
[docs/media/demo1.html]
[docs/media/demo2.html]
[docs/media/demo3.html]
[docs/media/demo5.html]
[docs/media.html]
[mdui/docs-1/assets/helper-674b2faf.js]
[docs/helper.html]
[mdui/docs-1/assets/helper-7a5d2505.css]
[mdui/docs-1/assets/shadow-d296358c.js]
[docs/shadow/demo1.html]
[docs/shadow.html]
[mdui/docs-1/assets/ripple-1b492e91.js]
[docs/ripple/demo1.html]
[docs/ripple/demo2.html]
[docs/ripple/demo3.html]
[docs/ripple.html]
[mdui/docs-1/assets/button-4bd442b8.js]
[docs/button/demo1.html]
[docs/button/demo2.html]
[docs/button/demo3.html]
[docs/button/demo4.html]
[docs/button/demo5.html]
[docs/button/demo6.html]
[docs/button/demo7.html]
[docs/button.html]
[mdui/docs-1/assets/fab-5df8948d.js]
[docs/fab/demo1.html]
[docs/fab/demo2.html]
[docs/fab/demo3.html]
[docs/fab/demo4.html]
[docs/fab/demo5.html]
[docs/fab.html]
[mdui/docs-1/assets/select-0dd57cf7.js]
[docs/select/demo1.html]
[docs/select/demo2.html]
[docs/select/demo3.html]
[docs/select/demo4.html]
[docs/select/demo5.html]
[docs/select/demo6.html]
[docs/select.html]
[mdui/docs-1/assets/divider-0268a21e.js]
[docs/divider.html]
[mdui/docs-1/assets/panel-24c7d7f5.js]
[docs/panel/demo1.html]
[docs/panel/demo2.html]
[docs/panel/demo3.html]
[docs/panel/demo4.html]
[docs/panel/demo5.html]
[docs/panel/demo6.html]
[docs/panel/demo7.html]
[docs/panel/demo8.html]
[docs/panel.html]
[mdui/docs-1/assets/textfield-8c04bd80.js]
[docs/textfield/demo1.html]
[docs/textfield/demo2.html]
[docs/textfield/demo3.html]
[docs/textfield/demo4.html]
[docs/textfield/demo5.html]
[docs/textfield/demo11.html]
[docs/textfield/demo12.html]
[docs/textfield/demo6.html]
[docs/textfield/demo7.html]
[docs/textfield/demo8.html]
[docs/textfield/demo9.html]
[docs/textfield/demo10.html]
[docs/textfield.html]
[mdui/docs-1/assets/selection_control-68193aa7.js]
[docs/selection_control/demo1.html]
[docs/selection_control/demo2.html]
[docs/selection_control/demo3.html]
[docs/selection_control.html]
[mdui/docs-1/assets/slider-cb7830bb.js]
[docs/slider/demo1.html]
[docs/slider/demo2.html]
[docs/slider/demo3.html]
[docs/slider/demo4.html]
[docs/slider.html]
[mdui/docs-1/assets/list-bf35a44d.js]
[docs/list/demo1.html]
[docs/list/demo2.html]
[docs/list/demo3.html]
[docs/list/demo4.html]
[docs/list/demo5.html]
[docs/list/demo6.html]
[docs/list/demo7.html]
[docs/list/demo8.html]
[docs/list/demo19.html]
[docs/list/demo9.html]
[docs/list/demo10.html]
[docs/list/demo11.html]
[docs/list/demo12.html]
[docs/list/demo13.html]
[docs/list/demo14.html]
[docs/list/demo15.html]
[docs/list/demo16.html]
[docs/list/demo17.html]
[docs/list/demo18.html]
[docs/list/demo20.html]
[docs/list.html]
[mdui/docs-1/assets/list_control-1903db37.js]
[docs/list_control/demo1.html]
[docs/list_control/demo2.html]
[docs/list_control/demo3.html]
[docs/list_control/demo4.html]
[docs/list_control.html]
[mdui/docs-1/assets/grid_list-16e6e70d.js]
[docs/grid_list/demo1.html]
[docs/grid_list/demo2.html]
[docs/grid_list/demo3.html]
[docs/grid_list/demo4.html]
[docs/grid_list/demo5.html]
[docs/grid_list/demo6.html]
[docs/grid_list/demo7.html]
[docs/grid_list/demo8.html]
[docs/grid_list.html]
[mdui/docs-1/assets/tab-19c56cef.js]
[docs/tab/demo1.html]
[docs/tab/demo2.html]
[docs/tab/demo3.html]
[docs/tab/demo4.html]
[docs/tab/demo5.html]
[docs/tab/demo6.html]
[docs/tab/demo7.html]
[docs/tab/demo8.html]
[docs/tab/demo9.html]
[docs/tab/demo10.html]
[docs/tab.html]
[mdui/docs-1/assets/toolbar-786a3c34.js]
[docs/toolbar/demo1.html]
[docs/toolbar/demo2.html]
[docs/toolbar.html]
[mdui/docs-1/assets/appbar-e0f2c835.js]
[docs/appbar/demo1.html]
[docs/appbar/demo2.html]
[docs/appbar/demo3.html]
[docs/appbar/demo4.html]
[docs/appbar/demo5.html]
[docs/appbar/demo6.html]
[docs/appbar/demo7.html]
[docs/appbar/demo8.html]
[docs/appbar/demo9.html]
[docs/appbar/demo10.html]
[docs/appbar.html]
[mdui/docs-1/assets/drawer-d25b4732.js]
[docs/drawer/demo1.html]
[docs/drawer.html]
[mdui/docs-1/assets/bottom_nav-0cf82e05.js]
[docs/bottom_nav/demo1.html]
[docs/bottom_nav/demo2.html]
[docs/bottom_nav/demo3.html]
[docs/bottom_nav/demo4.html]
[docs/bottom_nav/demo5.html]
[docs/bottom_nav/demo6.html]
[docs/bottom_nav.html]
[mdui/docs-1/assets/card-09670ea1.js]
[docs/card/demo1.html]
[docs/card/demo2.html]
[docs/card/demo3.html]
[docs/card/demo4.html]
[docs/card/demo5.html]
[docs/card/demo6.html]
[docs/card/demo7.html]
[docs/card.html]
[mdui/docs-1/assets/chip-0ac6cb7a.js]
[docs/chip/demo1.html]
[docs/chip/demo2.html]
[docs/chip/demo3.html]
[docs/chip/demo4.html]
[docs/chip/demo5.html]
[docs/chip/demo6.html]
[docs/chip.html]
[mdui/docs-1/assets/tooltip-7a40de5b.js]
[docs/tooltip/demo1.html]
[docs/tooltip/demo2.html]
[docs/tooltip.html]
[mdui/docs-1/assets/snackbar-291ca8f9.js]
[docs/snackbar/demo1.html]
[docs/snackbar/demo2.html]
[docs/snackbar/demo3.html]
[docs/snackbar.html]
[mdui/docs-1/assets/table-497af702.js]
[docs/table/demo1.html]
[docs/table/demo2.html]
[docs/table/demo3.html]
[docs/table/demo4.html]
[docs/table.html]
[mdui/docs-1/assets/dialog-f029bb51.js]
[docs/dialog/demo1.html]
[docs/dialog/demo2.html]
[docs/dialog/demo3.html]
[docs/dialog/demo4.html]
[docs/dialog/demo5.html]
[docs/dialog/demo6.html]
[docs/dialog/demo7.html]
[docs/dialog/demo8.html]
[docs/dialog/demo9.html]
[docs/dialog/demo10.html]
[docs/dialog/demo11.html]
[docs/dialog.html]
[mdui/docs-1/assets/menu-e5724e67.js]
[docs/menu/demo1.html]
[docs/menu/demo2.html]
[docs/menu/demo3.html]
[docs/menu/demo4.html]
[docs/menu/demo5.html]
[docs/menu/demo6.html]
[docs/menu.html]
[mdui/docs-1/assets/progress-334a2f43.js]
[docs/progress/demo1.html]
[docs/progress/demo2.html]
[docs/progress/demo3.html]
[docs/progress/demo4.html]
[docs/progress.html]
[mdui/docs-1/assets/collapse-5832e235.js]
[docs/collapse/demo1.html]
[docs/collapse/demo2.html]
[docs/collapse.html]
[mdui/docs-1/assets/headroom-74f196dd.js]
[docs/headroom/demo1.html]
[docs/headroom/demo2.html]
[docs/headroom.html]
[mdui/docs-1/assets/material_icon-d4a5e5bc.js]
[mdui/docs-1/assets/material_icon-d8a150fb.css]
[docs/material_icon.html]
[mdui/docs-1/assets/compatibility-a95e2511.css]
[mdui/docs-1/assets/jq-5f52a657.css]
[mdui/docs-1/assets/color-2df94972.css]
[mdui/docs-1/assets/Demo-e5dd9f9f.css]
[pages/html_demo/static/index.41c900a2.css]
[library/ace/1.4.13/ace.js]
[library/ace/1.4.13/ext-language_tools.js]
[docs/color/demo1.html]
[pages/html_demo/static/index.65f43715.js]
[docs/color/demo2.html]
[mdui/docs-1/assets/font-b530404b.css]
[mdui/docs-1/assets/grid-2e08912f.css]
[docs/grid/demo1.html]
[docs/grid/demo2.html]
[docs/grid/demo3.html]
[docs/grid/demo4.html]
[docs/grid/demo5.html]
[docs/grid/demo6.html]
[mdui/docs-1/assets/typo-6ead95fe.css]
[docs/typo/demo1.html]
[docs/typo/demo2.html]
[docs/typo/demo3.html]
[docs/typo/demo4.html]
[docs/typo/demo5.html]
[docs/typo/demo6.html]
[docs/typo/demo7.html]
[docs/typo/demo8.html]
[docs/typo/demo9.html]
[docs/typo/demo10.html]
[mdui/docs-1/assets/icon-4c7d1e41.css]
[library/ionicons/2.0.1/css/ionicons.min.css]
[docs/icon/demo1.html]
[docs/icon/demo2.html]
[docs/icon/demo3.html]
[docs/media/demo1.html]
[docs/media/demo2.html]
[docs/media/demo3.html]
[docs/media/demo5.html]
[mdui/docs-1/assets/helper-7a5d2505.css]
[docs/shadow/demo1.html]
[mdui/docs-1/assets/ripple-906d2d99.css]
[docs/ripple/demo1.html]
[docs/ripple/demo2.html]
[docs/ripple/demo3.html]
[mdui/docs-1/assets/button-f4fbc5fe.css]
[docs/button/demo1.html]
[docs/button/demo2.html]
[docs/button/demo3.html]
[docs/button/demo4.html]
[docs/button/demo5.html]
[docs/button/demo6.html]
[docs/button/demo7.html]
[mdui/docs-1/assets/fab-ffbf9995.css]
[docs/fab/demo1.html]
[docs/fab/demo2.html]
[docs/fab/demo3.html]
[docs/fab/demo4.html]
[docs/fab/demo5.html]
[docs/select/demo1.html]
[docs/select/demo2.html]
[docs/select/demo3.html]
[docs/select/demo4.html]
[docs/select/demo5.html]
[docs/select/demo6.html]
[docs/panel/demo1.html]
[docs/panel/demo2.html]
[docs/panel/demo3.html]
[docs/panel/demo4.html]
[docs/panel/demo5.html]
[docs/panel/demo6.html]
[docs/panel/demo7.html]
[docs/panel/demo8.html]
[docs/textfield/demo1.html]
[docs/textfield/demo2.html]
[docs/textfield/demo3.html]
[docs/textfield/demo4.html]
[docs/textfield/demo5.html]
[docs/textfield/demo11.html]
[docs/textfield/demo12.html]
[docs/textfield/demo6.html]
[docs/textfield/demo7.html]
[docs/textfield/demo8.html]
[docs/textfield/demo9.html]
[docs/textfield/demo10.html]
[docs/selection_control/demo1.html]
[docs/selection_control/demo2.html]
[docs/selection_control/demo3.html]
[docs/slider/demo1.html]
[docs/slider/demo2.html]
[docs/slider/demo3.html]
[docs/slider/demo4.html]
[docs/list/demo1.html]
[docs/list/demo2.html]
[docs/list/demo3.html]
[docs/list/demo4.html]
[docs/list/demo5.html]
[docs/list/demo6.html]
[docs/list/demo7.html]
[docs/list/demo8.html]
[docs/list/demo19.html]
[docs/list/demo9.html]
[docs/list/demo10.html]
[docs/list/demo11.html]
[docs/list/demo12.html]
[docs/list/demo13.html]
[docs/list/demo14.html]
[docs/list/demo15.html]
[docs/list/demo16.html]
[docs/list/demo17.html]
[docs/list/demo18.html]
[docs/list/demo20.html]
[docs/list_control/demo1.html]
[docs/list_control/demo2.html]
[docs/list_control/demo3.html]
[docs/list_control/demo4.html]
[docs/grid_list/demo1.html]
[docs/grid_list/demo2.html]
[docs/grid_list/demo3.html]
[docs/grid_list/demo4.html]
[docs/grid_list/demo5.html]
[docs/grid_list/demo6.html]
[docs/grid_list/demo7.html]
[docs/grid_list/demo8.html]
[docs/tab/demo1.html]
[docs/tab/demo2.html]
[docs/tab/demo3.html]
[docs/tab/demo4.html]
[docs/tab/demo5.html]
[docs/tab/demo6.html]
[docs/tab/demo7.html]
[docs/tab/demo8.html]
[docs/tab/demo9.html]
[docs/tab/demo10.html]
[docs/toolbar/demo1.html]
[docs/toolbar/demo2.html]
[docs/appbar/demo1.html]
[docs/appbar/demo2.html]
[docs/appbar/demo3.html]
[docs/appbar/demo4.html]
[docs/appbar/demo5.html]
[docs/appbar/demo6.html]
[docs/appbar/demo7.html]
[docs/appbar/demo8.html]
[docs/appbar/demo9.html]
[docs/appbar/demo10.html]
[docs/drawer/demo1.html]
[docs/bottom_nav/demo1.html]
[docs/bottom_nav/demo2.html]
[docs/bottom_nav/demo3.html]
[docs/bottom_nav/demo4.html]
[docs/bottom_nav/demo5.html]
[docs/bottom_nav/demo6.html]
[docs/card/demo1.html]
[docs/card/demo2.html]
[docs/card/demo3.html]
[docs/card/demo4.html]
[docs/card/demo5.html]
[docs/card/demo6.html]
[docs/card/demo7.html]
[docs/chip/demo1.html]
[docs/chip/demo2.html]
[docs/chip/demo3.html]
[docs/chip/demo4.html]
[docs/chip/demo5.html]
[docs/chip/demo6.html]
[docs/tooltip/demo1.html]
[docs/tooltip/demo2.html]
[mdui/docs-1/assets/snackbar-c0e2026c.css]
[docs/snackbar/demo1.html]
[docs/snackbar/demo2.html]
[docs/snackbar/demo3.html]
[docs/table/demo1.html]
[docs/table/demo2.html]
[docs/table/demo3.html]
[docs/table/demo4.html]
[mdui/docs-1/assets/dialog-ee5a7226.css]
[docs/dialog/demo1.html]
[docs/dialog/demo2.html]
[docs/dialog/demo3.html]
[docs/dialog/demo4.html]
[docs/dialog/demo5.html]
[docs/dialog/demo6.html]
[docs/dialog/demo7.html]
[docs/dialog/demo8.html]
[docs/dialog/demo9.html]
[docs/dialog/demo10.html]
[docs/dialog/demo11.html]
[docs/menu/demo1.html]
[docs/menu/demo2.html]
[docs/menu/demo3.html]
[docs/menu/demo4.html]
[docs/menu/demo5.html]
[docs/menu/demo6.html]
[docs/progress/demo1.html]
[docs/progress/demo2.html]
[docs/progress/demo3.html]
[docs/progress/demo4.html]
[docs/collapse/demo1.html]
[docs/collapse/demo2.html]
[docs/headroom/demo1.html]
[docs/headroom/demo2.html]
[mdui/docs-1/assets/material_icon-d8a150fb.css]
[pages/html_demo/static/index.41c900a2.css]
